// Jest Snapshot v1, https://goo.gl/fbAQLP

exports[`<SearchInput /> rendering should render according to snapshot (backgroundColor) 1`] = `
<DocumentFragment>
  .c1 {
  background-color: yellow;
  color: #151515;
  border-radius: 4px;
  font-size: 14px;
  padding-left: 48px;
  padding-right: 12px;
  width: 100%;
  -webkit-backdrop-filter: blur(8px);
  backdrop-filter: blur(8px);
  background-position: 15px center;
  background-repeat: no-repeat;
  border-width: 0;
  height: 48px;
}

.c1::-webkit-input-placeholder {
  color: #A4A4A4;
}

.c1::-moz-placeholder {
  color: #A4A4A4;
}

.c1:-ms-input-placeholder {
  color: #A4A4A4;
}

.c1::placeholder {
  color: #A4A4A4;
}

.c1:focus {
  outline: 2px solid #404040;
}

.c2 {
  position: absolute;
  top: 16px;
  left: 16px;
  height: 16px;
  width: 16px;
}

.c0 {
  position: relative;
}

<div
    class="c0"
  >
    <input
      class="c1"
      placeholder="Search GameStop NFT"
      role="search"
      type="search"
      width="100%"
    />
    <div
      class="c2"
    >
      <svg
        fill="none"
        height="17"
        viewBox="0 0 17 17"
        width="17"
        xmlns="http://www.w3.org/2000/svg"
      >
        <path
          clip-rule="evenodd"
          d="M10.9212 12.0255C9.7923 12.9031 8.37376 13.4256 6.83317 13.4256C3.15127 13.4256 0.166504 10.4409 0.166504 6.75895C0.166504 3.07705 3.15127 0.0922852 6.83317 0.0922852C10.5151 0.0922852 13.4998 3.07705 13.4998 6.75895C13.4998 8.29954 12.9773 9.71809 12.0997 10.847L16.5891 15.3364C16.9145 15.6618 16.9145 16.1894 16.5891 16.5149C16.2637 16.8403 15.736 16.8403 15.4106 16.5149L10.9212 12.0255ZM11.8332 6.75895C11.8332 9.52038 9.59459 11.759 6.83317 11.759C4.07175 11.759 1.83317 9.52038 1.83317 6.75895C1.83317 3.99753 4.07175 1.75895 6.83317 1.75895C9.59459 1.75895 11.8332 3.99753 11.8332 6.75895Z"
          fill="#151515"
          fill-rule="evenodd"
        />
      </svg>
    </div>
  </div>
</DocumentFragment>
`;

exports[`<SearchInput /> rendering should render according to snapshot (default) 1`] = `
<DocumentFragment>
  .c1 {
  background-color: rgba(255,255,255,0.9);
  color: #151515;
  border-radius: 4px;
  font-size: 14px;
  padding-left: 48px;
  padding-right: 12px;
  width: 100%;
  -webkit-backdrop-filter: blur(8px);
  backdrop-filter: blur(8px);
  background-position: 15px center;
  background-repeat: no-repeat;
  border-width: 0;
  height: 48px;
}

.c1::-webkit-input-placeholder {
  color: #A4A4A4;
}

.c1::-moz-placeholder {
  color: #A4A4A4;
}

.c1:-ms-input-placeholder {
  color: #A4A4A4;
}

.c1::placeholder {
  color: #A4A4A4;
}

.c1:focus {
  outline: 2px solid #404040;
}

.c2 {
  position: absolute;
  top: 16px;
  left: 16px;
  height: 16px;
  width: 16px;
}

.c0 {
  position: relative;
}

<div
    class="c0"
  >
    <input
      class="c1"
      placeholder="Search GameStop NFT"
      role="search"
      type="search"
      width="100%"
    />
    <div
      class="c2"
    >
      <svg
        fill="none"
        height="17"
        viewBox="0 0 17 17"
        width="17"
        xmlns="http://www.w3.org/2000/svg"
      >
        <path
          clip-rule="evenodd"
          d="M10.9212 12.0255C9.7923 12.9031 8.37376 13.4256 6.83317 13.4256C3.15127 13.4256 0.166504 10.4409 0.166504 6.75895C0.166504 3.07705 3.15127 0.0922852 6.83317 0.0922852C10.5151 0.0922852 13.4998 3.07705 13.4998 6.75895C13.4998 8.29954 12.9773 9.71809 12.0997 10.847L16.5891 15.3364C16.9145 15.6618 16.9145 16.1894 16.5891 16.5149C16.2637 16.8403 15.736 16.8403 15.4106 16.5149L10.9212 12.0255ZM11.8332 6.75895C11.8332 9.52038 9.59459 11.759 6.83317 11.759C4.07175 11.759 1.83317 9.52038 1.83317 6.75895C1.83317 3.99753 4.07175 1.75895 6.83317 1.75895C9.59459 1.75895 11.8332 3.99753 11.8332 6.75895Z"
          fill="#151515"
          fill-rule="evenodd"
        />
      </svg>
    </div>
  </div>
</DocumentFragment>
`;

exports[`<SearchInput /> rendering should render according to snapshot (width) 1`] = `
<DocumentFragment>
  .c1 {
  background-color: rgba(255,255,255,0.9);
  color: #151515;
  border-radius: 4px;
  font-size: 14px;
  padding-left: 48px;
  padding-right: 12px;
  width: 10px;
  -webkit-backdrop-filter: blur(8px);
  backdrop-filter: blur(8px);
  background-position: 15px center;
  background-repeat: no-repeat;
  border-width: 0;
  height: 48px;
}

.c1::-webkit-input-placeholder {
  color: #A4A4A4;
}

.c1::-moz-placeholder {
  color: #A4A4A4;
}

.c1:-ms-input-placeholder {
  color: #A4A4A4;
}

.c1::placeholder {
  color: #A4A4A4;
}

.c1:focus {
  outline: 2px solid #404040;
}

.c2 {
  position: absolute;
  top: 16px;
  left: 16px;
  height: 16px;
  width: 16px;
}

.c0 {
  position: relative;
}

<div
    class="c0"
  >
    <input
      class="c1"
      placeholder="Search GameStop NFT"
      role="search"
      type="search"
      width="10px"
    />
    <div
      class="c2"
    >
      <svg
        fill="none"
        height="17"
        viewBox="0 0 17 17"
        width="17"
        xmlns="http://www.w3.org/2000/svg"
      >
        <path
          clip-rule="evenodd"
          d="M10.9212 12.0255C9.7923 12.9031 8.37376 13.4256 6.83317 13.4256C3.15127 13.4256 0.166504 10.4409 0.166504 6.75895C0.166504 3.07705 3.15127 0.0922852 6.83317 0.0922852C10.5151 0.0922852 13.4998 3.07705 13.4998 6.75895C13.4998 8.29954 12.9773 9.71809 12.0997 10.847L16.5891 15.3364C16.9145 15.6618 16.9145 16.1894 16.5891 16.5149C16.2637 16.8403 15.736 16.8403 15.4106 16.5149L10.9212 12.0255ZM11.8332 6.75895C11.8332 9.52038 9.59459 11.759 6.83317 11.759C4.07175 11.759 1.83317 9.52038 1.83317 6.75895C1.83317 3.99753 4.07175 1.75895 6.83317 1.75895C9.59459 1.75895 11.8332 3.99753 11.8332 6.75895Z"
          fill="#151515"
          fill-rule="evenodd"
        />
      </svg>
    </div>
  </div>
</DocumentFragment>
`;
