// Jest Snapshot v1, https://goo.gl/fbAQLP

exports[`<ClickOutside /> rendering Default rendering matches snapshot 1`] = `
<DocumentFragment>
  .c0 {
  width: 100%;
  height: 100%;
  position: relative;
}

<div
    class="c0"
  >
    Inner Content
  </div>
</DocumentFragment>
`;
