// Jest Snapshot v1, https://goo.gl/fbAQLP

exports[`<Icon Components /> IconAdd 1`] = `
<DocumentFragment>
  <svg
    height="13"
    viewBox="0 0 13 13"
    width="13"
    xmlns="http://www.w3.org/2000/svg"
  >
    <path
      d="M7.09989 0.75C7.09989 0.335786 6.7641 0 6.34989 0C5.93567 0 5.59989 0.335786 5.59989 0.75V5.59989H0.75C0.335786 5.59989 0 5.93568 0 6.34989C0 6.7641 0.335786 7.09989 0.75 7.09989H5.59989V11.95C5.59989 12.3642 5.93567 12.7 6.34989 12.7C6.7641 12.7 7.09989 12.3642 7.09989 11.95V7.09989H11.95C12.3642 7.09989 12.7 6.7641 12.7 6.34989C12.7 5.93568 12.3642 5.59989 11.95 5.59989H7.09989V0.75Z"
      fill="#151515"
    />
  </svg>
</DocumentFragment>
`;

exports[`<Icon Components /> IconAdd 2`] = `
<DocumentFragment>
  <svg
    height="13"
    viewBox="0 0 13 13"
    width="13"
    xmlns="http://www.w3.org/2000/svg"
  >
    <path
      d="M7.09989 0.75C7.09989 0.335786 6.7641 0 6.34989 0C5.93567 0 5.59989 0.335786 5.59989 0.75V5.59989H0.75C0.335786 5.59989 0 5.93568 0 6.34989C0 6.7641 0.335786 7.09989 0.75 7.09989H5.59989V11.95C5.59989 12.3642 5.93567 12.7 6.34989 12.7C6.7641 12.7 7.09989 12.3642 7.09989 11.95V7.09989H11.95C12.3642 7.09989 12.7 6.7641 12.7 6.34989C12.7 5.93568 12.3642 5.59989 11.95 5.59989H7.09989V0.75Z"
      fill="#DBDBDB"
    />
  </svg>
</DocumentFragment>
`;

exports[`<Icon Components /> IconArrowBack 1`] = `
<DocumentFragment>
  <svg
    fill="none"
    height="24"
    viewBox="0 0 24 16"
    width="24"
    xmlns="http://www.w3.org/2000/svg"
  >
    <path
      d="M9.18974 0.342518C9.64644 0.79921 9.64644 1.37007 9.30392 1.82677L9.18974 1.94094L4.28031 6.85037H22.0913C22.7763 6.85037 23.233 7.30706 23.233 7.9921C23.233 8.56296 22.7763 9.01965 22.2054 9.13383H4.28031L9.18974 14.0433C9.64644 14.4999 9.64644 15.0708 9.30392 15.5275L9.18974 15.6417C8.73305 16.0984 8.16219 16.0984 7.7055 15.7558L7.59133 15.6417L0.740956 8.79131L0.626783 8.67713L0.51261 8.56296L0.398438 8.44879V7.53541L0.51261 7.42123L0.626783 7.30706L0.740956 7.19289L7.59133 0.342518C8.04802 -0.114173 8.73305 -0.114173 9.18974 0.342518Z"
      fill="black"
    />
  </svg>
</DocumentFragment>
`;

exports[`<Icon Components /> IconCheck 1`] = `
<DocumentFragment>
  <svg
    height="24"
    viewBox="0 0 33 24"
    width="33"
    xmlns="http://www.w3.org/2000/svg"
  >
    <path
      d="M32.463 0.540726C33.179 1.26169 33.179 2.43061 32.463 3.15158L12.2964 23.4593C11.5804 24.1802 10.4196 24.1802 9.70364 23.4593L0.536971 14.2285C-0.17899 13.5075 -0.17899 12.3386 0.536971 11.6176C1.25293 10.8967 2.41373 10.8967 3.1297 11.6176L11 19.543L29.8703 0.540726C30.5863
     -0.180242 31.7471 -0.180242 32.463 0.540726Z"
      fill="#00B176"
    />
  </svg>
</DocumentFragment>
`;

exports[`<Icon Components /> IconChevronRight 1`] = `
<DocumentFragment>
  <svg
    fill="none"
    height="26"
    viewBox="0 0 26 26"
    width="26"
    xmlns="http://www.w3.org/2000/svg"
  >
    <path
      clip-rule="evenodd"
      d="M10.2197 18.2803C9.92678 17.9874 9.92678 17.5126 10.2197 17.2197L14.6893 12.75L10.2197 8.28033C9.92678 7.98744 9.92678 7.51256 10.2197 7.21967C10.5126 6.92678 10.9874 6.92678 11.2803 7.21967L16.2803 12.2197C16.5732 12.5126 16.5732 12.9874 16.2803 13.2803L11.2803 18.2803C10.9874 18.5732 10.5126 18.5732 10.2197 18.2803Z"
      fill="#151515"
      fill-rule="evenodd"
    />
  </svg>
</DocumentFragment>
`;

exports[`<Icon Components /> IconClear 1`] = `
<DocumentFragment>
  <svg
    fill="none"
    height="24"
    viewBox="0 0 24 24"
    width="24"
    xmlns="http://www.w3.org/2000/svg"
  >
    <path
      d="M18 6L6 18"
      stroke="#151515"
      stroke-linecap="round"
      stroke-linejoin="round"
      stroke-width="2"
    />
    <path
      d="M6 6L18 18"
      stroke="#151515"
      stroke-linecap="round"
      stroke-linejoin="round"
      stroke-width="2"
    />
  </svg>
</DocumentFragment>
`;

exports[`<Icon Components /> IconCreate 1`] = `
<DocumentFragment>
  <svg
    fill="none"
    height="24"
    viewBox="0 0 24 24"
    width="24"
    xmlns="http://www.w3.org/2000/svg"
  >
    <path
      clip-rule="evenodd"
      d="M12 22.75C17.9371 22.75 22.75 17.9371 22.75 12C22.75 6.06294 17.9371 1.25 12 1.25C6.06294 1.25 1.25 6.06294 1.25 12C1.25 17.9371 6.06294 22.75 12 22.75ZM12 24C18.6274 24 24 18.6274 24 12C24 5.37258 18.6274 0 12 0C5.37258 0 0 5.37258 0 12C0 18.6274 5.37258 24 12 24Z"
      fill="#151515"
      fill-rule="evenodd"
    />
    <path
      d="M13.0713 11.5869H16.5869V13.1514H13.0713V16.7021H11.5068V13.1514H8V11.5869H11.5068V8.00098H13.0713V11.5869Z"
      fill="#151515"
    />
  </svg>
</DocumentFragment>
`;

exports[`<Icon Components /> IconCreate 2`] = `
<DocumentFragment>
  <svg
    fill="none"
    height="24"
    viewBox="0 0 24 24"
    width="24"
    xmlns="http://www.w3.org/2000/svg"
  >
    <path
      clip-rule="evenodd"
      d="M12 22.75C17.9371 22.75 22.75 17.9371 22.75 12C22.75 6.06294 17.9371 1.25 12 1.25C6.06294 1.25 1.25 6.06294 1.25 12C1.25 17.9371 6.06294 22.75 12 22.75ZM12 24C18.6274 24 24 18.6274 24 12C24 5.37258 18.6274 0 12 0C5.37258 0 0 5.37258 0 12C0 18.6274 5.37258 24 12 24Z"
      fill="tomato"
      fill-rule="evenodd"
    />
    <path
      d="M13.0713 11.5869H16.5869V13.1514H13.0713V16.7021H11.5068V13.1514H8V11.5869H11.5068V8.00098H13.0713V11.5869Z"
      fill="tomato"
    />
  </svg>
</DocumentFragment>
`;

exports[`<Icon Components /> IconDelete 1`] = `
<DocumentFragment>
  <svg
    fill="none"
    height="15"
    viewBox="0 0 14 15"
    width="14"
    xmlns="http://www.w3.org/2000/svg"
  >
    <path
      d="M1 3.60156H2.3H12.7"
      stroke="black"
      stroke-linecap="round"
      stroke-linejoin="round"
    />
    <path
      d="M4.25078 3.6V2.3C4.25078 1.95522 4.38775 1.62456 4.63154 1.38076C4.87534 1.13696 5.206 1 5.55078 1H8.15078C8.49556 1 8.82622 1.13696 9.07002 1.38076C9.31382 1.62456 9.45078 1.95522 9.45078 2.3V3.6M11.4008 3.6V12.7C11.4008 13.0448 11.2638 13.3754 11.02 13.6192C10.7762 13.863 10.4456 14 10.1008 14H3.60078C3.256 14 2.92534 13.863 2.68154 13.6192C2.43775 13.3754 2.30078 13.0448 2.30078 12.7V3.6H11.4008Z"
      stroke="black"
      stroke-linecap="round"
      stroke-linejoin="round"
    />
    <path
      d="M5.55078 6.85156V10.7516"
      stroke="black"
      stroke-linecap="round"
      stroke-linejoin="round"
    />
    <path
      d="M8.14844 6.85156V10.7516"
      stroke="black"
      stroke-linecap="round"
      stroke-linejoin="round"
    />
  </svg>
</DocumentFragment>
`;

exports[`<Icon Components /> IconDisconnect 1`] = `
<DocumentFragment>
  <svg
    fill="none"
    height="18"
    viewBox="0 0 16 18"
    width="16"
    xmlns="http://www.w3.org/2000/svg"
  >
    <path
      clip-rule="evenodd"
      d="M3.4736 4.31013C3.78607 4.61184 3.78615 5.10107 3.47378 5.40288C2.57893 6.26745 1.9696 7.36889 1.72282 8.56793C1.47605 9.76697 1.60291 11.0098 2.08737 12.1392C2.57184 13.2686 3.39214 14.2339 4.44457 14.913C5.497 15.5921 6.73429 15.9546 8 15.9546C9.26571 15.9546 10.503 15.5921 11.5554 14.913C12.6079 14.2339 13.4282 13.2686 13.9126 12.1392C14.3971 11.0098 14.524 9.76697 14.2772 8.56793C14.0304 7.36889 13.4211 6.26745 12.5262 5.40288C12.2139 5.10107 12.2139 4.61184 12.5264 4.31013C12.8389 4.00843 13.3454 4.00851 13.6578 4.31031C14.7763 5.39103 15.538 6.76783 15.8465 8.26663C16.1549 9.76542 15.9964 11.3189 15.3908 12.7307C14.7852 14.1424 13.7598 15.349 12.4443 16.198C11.1288 17.0469 9.58214 17.5 8 17.5C6.41786 17.5 4.87125 17.0469 3.55571 16.198C2.24018 15.349 1.21479 14.1424 0.609217 12.7307C0.00363946 11.3189 -0.15494 9.76542 0.15353 8.26663C0.462 6.76783 1.22367 5.39103 2.34222 4.31031C2.65459 4.00851 3.16112 4.00843 3.4736 4.31013Z"
      fill="black"
      fill-rule="evenodd"
    />
    <path
      clip-rule="evenodd"
      d="M8.00508 0.5C8.44691 0.5 8.80508 0.845943 8.80508 1.27269V8.99955C8.80508 9.42629 8.44691 9.77223 8.00508 9.77223C7.56325 9.77223 7.20508 9.42629 7.20508 8.99955V1.27269C7.20508 0.845943 7.56325 0.5 8.00508 0.5Z"
      fill="black"
      fill-rule="evenodd"
    />
  </svg>
</DocumentFragment>
`;

exports[`<Icon Components /> IconDiscord 1`] = `
<DocumentFragment>
  <svg
    viewBox="0 0 640 512"
    xmlns="http://www.w3.org/2000/svg"
  >
    <path
      d="M524.531,69.836a1.5,1.5,0,0,0-.764-.7A485.065,485.065,0,0,0,404.081,32.03a1.816,1.816,0,0,0-1.923.91,337.461,337.461,0,0,0-14.9,30.6,447.848,447.848,0,0,0-134.426,0,309.541,309.541,0,0,0-15.135-30.6,1.89,1.89,0,0,0-1.924-.91A483.689,483.689,0,0,0,116.085,69.137a1.712,1.712,0,0,0-.788.676C39.068,183.651,18.186,294.69,28.43,404.354a2.016,2.016,0,0,0,.765,1.375A487.666,487.666,0,0,0,176.02,479.918a1.9,1.9,0,0,0,2.063-.676A348.2,348.2,0,0,0,208.12,430.4a1.86,1.86,0,0,0-1.019-2.588,321.173,321.173,0,0,1-45.868-21.853,1.885,1.885,0,0,1-.185-3.126c3.082-2.309,6.166-4.711,9.109-7.137a1.819,1.819,0,0,1,1.9-.256c96.229,43.917,200.41,43.917,295.5,0a1.812,1.812,0,0,1,1.924.233c2.944,2.426,6.027,4.851,9.132,7.16a1.884,1.884,0,0,1-.162,3.126,301.407,301.407,0,0,1-45.89,21.83,1.875,1.875,0,0,0-1,2.611,391.055,391.055,0,0,0,30.014,48.815,1.864,1.864,0,0,0,2.063.7A486.048,486.048,0,0,0,610.7,405.729a1.882,1.882,0,0,0,.765-1.352C623.729,277.594,590.933,167.465,524.531,69.836ZM222.491,337.58c-28.972,0-52.844-26.587-52.844-59.239S193.056,219.1,222.491,219.1c29.665,0,53.306,26.82,52.843,59.239C275.334,310.993,251.924,337.58,222.491,337.58Zm195.38,0c-28.971,0-52.843-26.587-52.843-59.239S388.437,219.1,417.871,219.1c29.667,0,53.307,26.82,52.844,59.239C470.715,310.993,447.538,337.58,417.871,337.58Z"
      fill="black"
    />
  </svg>
</DocumentFragment>
`;

exports[`<Icon Components /> IconDownChevron 1`] = `
<DocumentFragment>
  <svg
    fill="none"
    height="30"
    viewBox="0 0 30 30"
    width="30"
    xmlns="http://www.w3.org/2000/svg"
  >
    <path
      d="M7.5 11.25L15 18.75L22.5 11.25"
      stroke="black"
      stroke-linecap="round"
      stroke-linejoin="round"
      stroke-width="2"
    />
  </svg>
</DocumentFragment>
`;

exports[`<Icon Components /> IconEdit 1`] = `
<DocumentFragment>
  <svg
    fill="none"
    height="15"
    viewBox="0 0 15 15"
    width="15"
    xmlns="http://www.w3.org/2000/svg"
  >
    <path
      d="M7.01223 2.41797H2.33605C1.98171 2.41797 1.64188 2.55873 1.39132 2.80929C1.14076 3.05985 1 3.39968 1 3.75402V13.1064C1 13.4607 1.14076 13.8006 1.39132 14.0511C1.64188 14.3017 1.98171 14.4424 2.33605 14.4424H11.6884C12.0428 14.4424 12.3826 14.3017 12.6331 14.0511C12.8837 13.8006 13.0245 13.4607 13.0245 13.1064V8.4302"
      stroke="black"
      stroke-linecap="round"
      stroke-linejoin="round"
    />
    <path
      d="M12.0221 1.41506C12.2878 1.1493 12.6483 1 13.0241 1C13.4 1 13.7604 1.1493 14.0262 1.41506C14.2919 1.68082 14.4412 2.04126 14.4412 2.4171C14.4412 2.79293 14.2919 3.15338 14.0262 3.41913L7.67991 9.76538L5.00781 10.4334L5.67584 7.7613L12.0221 1.41506Z"
      stroke="black"
      stroke-linecap="round"
      stroke-linejoin="round"
    />
  </svg>
</DocumentFragment>
`;

exports[`<Icon Components /> IconEmail 1`] = `
<DocumentFragment>
  <svg
    aria-label="Email icon"
    fill="none"
    height="26"
    viewBox="0 0 30 26"
    width="30"
    xmlns="http://www.w3.org/2000/svg"
  >
    <path
      clip-rule="evenodd"
      d="M4.86903 3.31036C4.14852 3.31036 3.55356 3.94352 3.55356 4.71029V21.5094C3.55356 22.2762 4.14852 22.9094 4.86903 22.9094H25.9166C26.6371 22.9094 27.2321 22.2762 27.2321 21.5094V4.71029C27.2321 3.94352 26.6371 3.31036 25.9166 3.31036H4.86903ZM0.922607 4.71029C0.922607 2.3972 2.69549 0.510498 4.86903 0.510498H25.9166C28.0902 0.510498 29.863 2.3972 29.863 4.71029V21.5094C29.863 23.8225 28.0902 25.7092 25.9166 25.7092H4.86903C2.69549 25.7092 0.922607 23.8225 0.922607 21.5094V4.71029Z"
      fill="black"
      fill-rule="evenodd"
    />
    <path
      d="M27.2609 2.22241L15.4216 10.6221L3.58228 2.22241"
      fill="black"
    />
    <path
      clip-rule="evenodd"
      d="M2.48768 1.44581C2.89067 0.802495 3.70741 0.628658 4.31191 1.05753L15.4215 8.9395L26.5311 1.05753C27.1356 0.628658 27.9523 0.802495 28.3553 1.44581C28.7583 2.08912 28.595 2.95831 27.9905 3.38718L16.1512 11.7869C15.7093 12.1003 15.1337 12.1003 14.6918 11.7869L2.85252 3.38718C2.24802 2.95831 2.08468 2.08912 2.48768 1.44581Z"
      fill="black"
      fill-rule="evenodd"
    />
  </svg>
</DocumentFragment>
`;

exports[`<Icon Components /> IconExternalLink 1`] = `
<DocumentFragment>
  <svg
    fill="none"
    height="14"
    viewBox="0 0 14 13"
    width="14"
    xmlns="http://www.w3.org/2000/svg"
  >
    <path
      d="M11.911 11.5556H1.79991V1.44444H6.85547V0H1.79991C0.998247 0 0.355469 0.65 0.355469 1.44444V11.5556C0.355469 12.35 0.998247 13 1.79991 13H11.911C12.7055 13 13.3555 12.35 13.3555 11.5556V6.5H11.911V11.5556ZM8.29991 0V1.44444H10.8927L3.79325 8.54389L4.81158 9.56222L11.911 2.46278V5.05556H13.3555V0H8.29991Z"
      fill="tomato"
    />
  </svg>
</DocumentFragment>
`;

exports[`<Icon Components /> IconHamburger 1`] = `
<DocumentFragment>
  <svg
    fill="none"
    height="20"
    viewBox="0 0 20 14"
    width="20"
    xmlns="http://www.w3.org/2000/svg"
  >
    <path
      clip-rule="evenodd"
      d="M0 5C0 4.44772 0.447715 4 1 4H19C19.5523 4 20 4.44772 20 5C20 5.55228 19.5523 6 19 6H1C0.447715 6 0 5.55228 0 5Z"
      fill="#151515"
      fill-rule="evenodd"
    />
    <path
      clip-rule="evenodd"
      d="M0 1C0 0.447715 0.447715 0 1 0H19C19.5523 0 20 0.447715 20 1C20 1.55228 19.5523 2 19 2H1C0.447715 2 0 1.55228 0 1Z"
      fill="#151515"
      fill-rule="evenodd"
    />
    <path
      clip-rule="evenodd"
      d="M0 9C0 8.44772 0.447715 8 1 8H19C19.5523 8 20 8.44772 20 9C20 9.55228 19.5523 10 19 10H1C0.447715 10 0 9.55228 0 9Z"
      fill="#151515"
      fill-rule="evenodd"
    />
    <path
      clip-rule="evenodd"
      d="M0 13C0 12.4477 0.447715 12 1 12H19C19.5523 12 20 12.4477 20 13C20 13.5523 19.5523 14 19 14H1C0.447715 14 0 13.5523 0 13Z"
      fill="#151515"
      fill-rule="evenodd"
    />
  </svg>
</DocumentFragment>
`;

exports[`<Icon Components /> IconHide 1`] = `
<DocumentFragment>
  <svg
    fill="none"
    height="20"
    viewBox="0 0 23 20"
    width="23"
    xmlns="http://www.w3.org/2000/svg"
  >
    <path
      clip-rule="evenodd"
      d="M20.2803 2.18426C20.5732 1.89137 20.5732 1.41649 20.2803 1.1236C19.9874 0.830707 19.5126 0.830707 19.2197 1.1236L2.28033 18.0629C1.98744 18.3558 1.98744 18.8307 2.28033 19.1236C2.57322 19.4165 3.0481 19.4165 3.34099 19.1236L20.2803 2.18426ZM11.0829 2.00001C12.8564 2.00133 14.6003 2.39781 16.1904 3.15285L14.9923 4.35096L14.9539 4.33534C12.4712 3.33235 9.69586 3.33235 7.21292 4.33534C4.73025 5.33839 2.73367 7.26603 1.6444 9.71239C1.56397 9.89561 1.56397 10.1041 1.6444 10.2875C2.37717 11.9331 3.52059 13.3441 4.94643 14.3968L3.81575 15.5275C2.26 14.3303 1.01044 12.7563 0.198206 10.9323C-0.0660686 10.339 -0.0660686 9.66153 0.198206 9.0682C1.13644 6.96482 2.66361 5.17843 4.59499 3.92412C6.5267 2.66976 8.77999 2.00168 11.0829 2.00001ZM17.6489 5.93704L18.7707 4.81523C20.138 5.97001 21.2329 7.42204 21.9674 9.0682C22.2317 9.66148 22.2317 10.339 21.9674 10.9323C20.7112 13.753 18.409 15.9759 15.5458 17.1324C12.683 18.2892 9.48268 18.2892 6.61975 17.1324C6.58034 17.1165 6.54103 17.1004 6.50183 17.0841L7.72875 15.8572C10.0758 16.6628 12.6418 16.5986 14.9539 15.6646C17.4365 14.6615 19.4331 12.7337 20.5224 10.2875C20.6028 10.1041 20.6028 9.89561 20.5224 9.71239C19.8647 8.23498 18.8759 6.94673 17.6489 5.93704ZM11.0824 13.9573C10.6532 13.9573 10.2312 13.8875 9.83157 13.7543L11.2159 12.37C11.7969 12.3367 12.3472 12.0912 12.7608 11.6778C13.1743 11.2641 13.4198 10.7138 13.4531 10.1328L14.8362 8.74973C14.9695 9.14908 15.0396 9.57074 15.0401 9.99962C15.0401 11.0492 14.6231 12.0559 13.8808 12.798C13.1387 13.5403 12.132 13.9573 11.0824 13.9573ZM11.0824 7.62481C11.2752 7.62481 11.4656 7.64826 11.6497 7.69357L12.8717 6.47156C12.3223 6.1926 11.7102 6.04292 11.0824 6.04218C10.0329 6.04218 9.02633 6.45918 8.28405 7.20124C7.542 7.94351 7.125 8.95004 7.125 9.99962C7.125 10.6276 7.27429 11.2403 7.55317 11.7901L8.77665 10.5666C8.73134 10.3825 8.7079 10.1921 8.7079 9.99935C8.7079 9.36971 8.95818 8.76574 9.40337 8.32029C9.84878 7.8751 10.4527 7.62481 11.0824 7.62481Z"
      fill="black"
      fill-rule="evenodd"
    />
  </svg>
</DocumentFragment>
`;

exports[`<Icon Components /> IconImmutableX 1`] = `
<DocumentFragment>
  <svg
    fill="none"
    height="24"
    role="img"
    viewBox="0 0 24 24"
    width="24"
    xmlns="http://www.w3.org/2000/svg"
  >
    <path
      d="M18.2849 19H19.9655L13.1511 10.6543C12.9784 10.4444 12.9669 10.1235 13.1396 9.90124L17.0647 5H15.3151L11.6892 9.54321L11.505 9.79012C11.3324 10 11.3439 10.3333 11.5165 10.5432L18.2849 19Z"
      data-testid="icon-im"
      fill="#151515"
    />
    <path
      d="M14.4978 9.90124C14.3827 10.037 14.3482 10.2346 14.3827 10.4074C14.4173 10.5062 14.4748 10.6049 14.5439 10.679L14.9928 11.2099L20 5H18.4115C18.4115 5 15.4763 8.67902 14.4978 9.90124Z"
      fill="#151515"
    />
    <path
      d="M5.74964 5H4L9.36403 11.6543C9.53669 11.8642 9.53669 12.1852 9.36403 12.3951L4.04604 19H5.72662L11.0791 12.3457C11.2173 12.1481 11.2403 11.8642 11.0906 11.679C9.68633 9.93827 5.74964 5 5.74964 5Z"
      fill="#151515"
    />
    <path
      d="M8.67338 19H7.06187L12.023 12.8395C12.023 12.8395 12.0345 12.8519 12.5871 13.5556C12.7367 13.7407 12.7712 13.9753 12.5986 14.1605C11.5626 15.2963 8.67338 19 8.67338 19Z"
      fill="#151515"
    />
    <path
      d="M13.5079 14.7037L16.9496 19H15.3151L13.5194 16.7531L13.0014 16.0988C12.8288 15.8889 12.8173 15.5679 12.9899 15.3457C13.1165 15.1852 13.5079 14.7037 13.5079 14.7037Z"
      fill="#151515"
    />
    <path
      d="M10.5151 9.2963L7.07338 5H8.6964L10.4921 7.24692L11.0101 7.90124C11.1827 8.11111 11.1942 8.4321 11.0216 8.65432C10.895 8.81482 10.5151 9.2963 10.5151 9.2963Z"
      fill="#151515"
    />
  </svg>
</DocumentFragment>
`;

exports[`<Icon Components /> IconInfo 1`] = `
<DocumentFragment>
  <svg
    fill="black"
    height="24"
    viewBox="0 0 24 24"
    width="24"
    xmlns="http://www.w3.org/2000/svg"
  >
    <path
      d="M11.25 10.75C11.25 10.3358 11.5858 10 12 10C12.4142 10 12.75 10.3358 12.75 10.75V15.25C12.75 15.6642 12.4142 16 12 16C11.5858 16 11.25 15.6642 11.25 15.25V10.75Z"
      fill="black"
    />
    <path
      d="M11.25 8.75C11.25 8.33579 11.5858 8 12 8C12.4142 8 12.75 8.33579 12.75 8.75C12.75 9.16421 12.4142 9.5 12 9.5C11.5858 9.5 11.25 9.16421 11.25 8.75Z"
      fill="black"
    />
    <path
      clip-rule="evenodd"
      d="M12 18.5C15.5899 18.5 18.5 15.5899 18.5 12C18.5 8.41015 15.5899 5.5 12 5.5C8.41015 5.5 5.5 8.41015 5.5 12C5.5 15.5899 8.41015 18.5 12 18.5ZM12 20C16.4183 20 20 16.4183 20 12C20 7.58172 16.4183 4 12 4C7.58172 4 4 7.58172 4 12C4 16.4183 7.58172 20 12 20Z"
      fill="black"
      fill-rule="evenodd"
    />
  </svg>
</DocumentFragment>
`;

exports[`<Icon Components /> IconInstagram 1`] = `
<DocumentFragment>
  <svg
    viewBox="0 0 448 512"
    xmlns="http://www.w3.org/2000/svg"
  >
    <path
      d="M224.1 141c-63.6 0-114.9 51.3-114.9 114.9s51.3 114.9 114.9 114.9S339 319.5 339 255.9 287.7 141 224.1 141zm0 189.6c-41.1 0-74.7-33.5-74.7-74.7s33.5-74.7 74.7-74.7 74.7 33.5 74.7 74.7-33.6 74.7-74.7 74.7zm146.4-194.3c0 14.9-12 26.8-26.8 26.8-14.9 0-26.8-12-26.8-26.8s12-26.8 26.8-26.8 26.8 12 26.8 26.8zm76.1 27.2c-1.7-35.9-9.9-67.7-36.2-93.9-26.2-26.2-58-34.4-93.9-36.2-37-2.1-147.9-2.1-184.9 0-35.8 1.7-67.6 9.9-93.9 36.1s-34.4 58-36.2 93.9c-2.1 37-2.1 147.9 0 184.9 1.7 35.9 9.9 67.7 36.2 93.9s58 34.4 93.9 36.2c37 2.1 147.9 2.1 184.9 0 35.9-1.7 67.7-9.9 93.9-36.2 26.2-26.2 34.4-58 36.2-93.9 2.1-37 2.1-147.8 0-184.8zM398.8 388c-7.8 19.6-22.9 34.7-42.6 42.6-29.5 11.7-99.5 9-132.1 9s-102.7 2.6-132.1-9c-19.6-7.8-34.7-22.9-42.6-42.6-11.7-29.5-9-99.5-9-132.1s-2.6-102.7 9-132.1c7.8-19.6 22.9-34.7 42.6-42.6 29.5-11.7 99.5-9 132.1-9s102.7-2.6 132.1 9c19.6 7.8 34.7 22.9 42.6 42.6 11.7 29.5 9 99.5 9 132.1s2.7 102.7-9 132.1z"
      fill="black"
    />
  </svg>
</DocumentFragment>
`;

exports[`<Icon Components /> IconLogoEth 1`] = `
<DocumentFragment>
  <svg
    fill="none"
    height="24"
    viewBox="0 0 24 24"
    width="24"
    xmlns="http://www.w3.org/2000/svg"
  >
    <g
      clip-path="url(#clip0_14895_64936)"
    >
      <path
        d="M12 16.4939V20.5L16.8571 13.5929L12 16.4939Z"
        data-testid="icon-eth"
        fill="tomato"
        fill-opacity="0.8"
      />
      <path
        d="M12 10.4252V15.5671L16.8571 12.6584L12 10.4252Z"
        fill="tomato"
        fill-opacity="0.3"
      />
      <path
        d="M12 4.5V10.4252L16.8571 12.6584L12 4.5Z"
        fill="tomato"
      />
      <path
        d="M11.9997 16.4939V20.5L7.14258 13.5929L11.9997 16.4939Z"
        fill="tomato"
        opacity="0.3"
      />
      <path
        d="M11.9997 10.4252V15.5671L7.14258 12.6584L11.9997 10.4252Z"
        fill="tomato"
        opacity="0.1"
      />
      <path
        d="M11.9997 4.5V10.4252L7.14258 12.6584L11.9997 4.5Z"
        fill="tomato"
        opacity="0.6"
      />
    </g>
    <defs>
      <clippath
        id="clip0_14895_64936"
      >
        <rect
          fill="tomato"
          height="16"
          transform="translate(7.14258 4.5)"
          width="9.71429"
        />
      </clippath>
    </defs>
  </svg>
</DocumentFragment>
`;

exports[`<Icon Components /> IconLoopring 1`] = `
<DocumentFragment>
  <svg
    fill="none"
    height="24"
    role="img"
    viewBox="0 0 24 24"
    width="24"
    xmlns="http://www.w3.org/2000/svg"
  >
    <circle
      cx="12"
      cy="12"
      data-testid="icon-lr"
      fill="#E3EBFB"
      r="12"
    />
    <path
      d="M13.8257 11.7363H19.2896V11.7795L10.7468 16.9599L14.9965 13.5926L13.8257 11.7363ZM10.6167 6.72852V17.0463L6.28027 13.5926L10.6167 6.72852Z"
      fill="#1C60FF"
    />
  </svg>
</DocumentFragment>
`;

exports[`<Icon Components /> IconMoreOptions 1`] = `
<DocumentFragment>
  <svg
    fill="white"
    height="4"
    viewBox="0 0 18 4"
    width="18"
    xmlns="http://www.w3.org/2000/svg"
  >
    <path
      d="M9 3C9.55228 3 10 2.55228 10 2C10 1.44772 9.55228 1 9 1C8.44772 1 8 1.44772 8 2C8 2.55228 8.44772 3 9 3Z"
      stroke="black"
      stroke-linecap="round"
      stroke-linejoin="round"
      stroke-width="2"
    />
    <path
      d="M16 3C16.5523 3 17 2.55228 17 2C17 1.44772 16.5523 1 16 1C15.4477 1 15 1.44772 15 2C15 2.55228 15.4477 3 16 3Z"
      stroke="black"
      stroke-linecap="round"
      stroke-linejoin="round"
      stroke-width="2"
    />
    <path
      d="M2 3C2.55228 3 3 2.55228 3 2C3 1.44772 2.55228 1 2 1C1.44772 1 1 1.44772 1 2C1 2.55228 1.44772 3 2 3Z"
      stroke="black"
      stroke-linecap="round"
      stroke-linejoin="round"
      stroke-width="2"
    />
  </svg>
</DocumentFragment>
`;

exports[`<Icon Components /> IconPreview 1`] = `
<DocumentFragment>
  <svg
    fill="none"
    height="13"
    viewBox="0 0 18 13"
    width="18"
    xmlns="http://www.w3.org/2000/svg"
  >
    <path
      d="M1 6.30185C1 6.30185 3.88139 0.539062 8.92383 0.539062C13.9663 0.539062 16.8477 6.30185 16.8477 6.30185C16.8477 6.30185 13.9663 12.0646 8.92383 12.0646C3.88139 12.0646 1 6.30185 1 6.30185Z"
      stroke="black"
      stroke-linecap="round"
      stroke-linejoin="round"
    />
    <path
      d="M8.92276 8.46271C10.1163 8.46271 11.0838 7.49518 11.0838 6.30167C11.0838 5.10816 10.1163 4.14062 8.92276 4.14062C7.72925 4.14062 6.76172 5.10816 6.76172 6.30167C6.76172 7.49518 7.72925 8.46271 8.92276 8.46271Z"
      stroke="black"
      stroke-linecap="round"
      stroke-linejoin="round"
    />
  </svg>
</DocumentFragment>
`;

exports[`<Icon Components /> IconReddit 1`] = `
<DocumentFragment>
  <svg
    viewBox="0 0 512 512"
    xmlns="http://www.w3.org/2000/svg"
  >
    <path
      d="M440.3 203.5c-15 0-28.2 6.2-37.9 15.9-35.7-24.7-83.8-40.6-137.1-42.3L293 52.3l88.2 19.8c0 21.6 17.6 39.2 39.2 39.2 22 0 39.7-18.1 39.7-39.7s-17.6-39.7-39.7-39.7c-15.4 0-28.7 9.3-35.3 22l-97.4-21.6c-4.9-1.3-9.7 2.2-11 7.1L246.3 177c-52.9 2.2-100.5 18.1-136.3 42.8-9.7-10.1-23.4-16.3-38.4-16.3-55.6 0-73.8 74.6-22.9 100.1-1.8 7.9-2.6 16.3-2.6 24.7 0 83.8 94.4 151.7 210.3 151.7 116.4 0 210.8-67.9 210.8-151.7 0-8.4-.9-17.2-3.1-25.1 49.9-25.6 31.5-99.7-23.8-99.7zM129.4 308.9c0-22 17.6-39.7 39.7-39.7 21.6 0 39.2 17.6 39.2 39.7 0 21.6-17.6 39.2-39.2 39.2-22 .1-39.7-17.6-39.7-39.2zm214.3 93.5c-36.4 36.4-139.1 36.4-175.5 0-4-3.5-4-9.7 0-13.7 3.5-3.5 9.7-3.5 13.2 0 27.8 28.5 120 29 149 0 3.5-3.5 9.7-3.5 13.2 0 4.1 4 4.1 10.2.1 13.7zm-.8-54.2c-21.6 0-39.2-17.6-39.2-39.2 0-22 17.6-39.7 39.2-39.7 22 0 39.7 17.6 39.7 39.7-.1 21.5-17.7 39.2-39.7 39.2z"
      fill="black"
    />
  </svg>
</DocumentFragment>
`;

exports[`<Icon Components /> IconSearch 1`] = `
<DocumentFragment>
  <svg
    fill="none"
    height="17"
    viewBox="0 0 17 17"
    width="17"
    xmlns="http://www.w3.org/2000/svg"
  >
    <path
      clip-rule="evenodd"
      d="M10.9212 12.0255C9.7923 12.9031 8.37376 13.4256 6.83317 13.4256C3.15127 13.4256 0.166504 10.4409 0.166504 6.75895C0.166504 3.07705 3.15127 0.0922852 6.83317 0.0922852C10.5151 0.0922852 13.4998 3.07705 13.4998 6.75895C13.4998 8.29954 12.9773 9.71809 12.0997 10.847L16.5891 15.3364C16.9145 15.6618 16.9145 16.1894 16.5891 16.5149C16.2637 16.8403 15.736 16.8403 15.4106 16.5149L10.9212 12.0255ZM11.8332 6.75895C11.8332 9.52038 9.59459 11.759 6.83317 11.759C4.07175 11.759 1.83317 9.52038 1.83317 6.75895C1.83317 3.99753 4.07175 1.75895 6.83317 1.75895C9.59459 1.75895 11.8332 3.99753 11.8332 6.75895Z"
      fill="#151515"
      fill-rule="evenodd"
    />
  </svg>
</DocumentFragment>
`;

exports[`<Icon Components /> IconSetting 1`] = `
<DocumentFragment>
  <svg
    fill="none"
    height="24"
    viewBox="0 0 24 24"
    width="24"
    xmlns="http://www.w3.org/2000/svg"
  >
    <path
      d="M10.204 22.7863C10.1295 23.0076 9.89131 23.1283 9.67261 23.0565L7.4825 22.3346C7.2638 22.2625 7.1401 22.0276 7.20912 21.799L7.70565 20.1573C7.77331 19.9335 7.68105 19.6435 7.49412 19.5055L6.36336 18.6702C6.17883 18.5338 5.8805 18.5293 5.68777 18.6667L4.30346 19.6532C4.11483 19.7878 3.85205 19.7434 3.71707 19.5547L2.36213 17.6649C2.22715 17.4758 2.26269 17.2122 2.45064 17.0686L3.80317 16.037C3.98702 15.8965 4.08031 15.6065 4.00889 15.3834L3.57695 14.0327C3.50621 13.8124 3.26769 13.6306 3.03224 13.6268L1.34106 13.5991C1.11074 13.5952 0.923828 13.4027 0.923828 13.1696V10.832C0.923828 10.5986 1.10562 10.4064 1.34106 10.4026L3.03224 10.3748C3.26256 10.371 3.50553 10.192 3.57695 9.96865L4.00889 8.61822C4.07929 8.39795 3.99112 8.10831 3.80317 7.96469L2.45064 6.93305C2.26645 6.79256 2.22715 6.52511 2.36213 6.33675L3.71707 4.4466C3.85239 4.25789 4.11074 4.21106 4.30346 4.34808L5.68777 5.33494C5.8764 5.46918 6.17643 5.46953 6.36336 5.33112L7.49412 4.49617C7.67865 4.35984 7.77502 4.07297 7.70565 3.84436L7.20912 2.20258C7.14146 1.97884 7.26414 1.73914 7.4825 1.66701L9.67261 0.945143C9.89131 0.872993 10.1278 0.989195 10.204 1.21536L10.7531 2.84015C10.828 3.06146 11.0706 3.2408 11.3016 3.2408H12.6999C12.9282 3.2408 13.1722 3.06632 13.2487 2.84015L13.7975 1.21536C13.8724 0.994052 14.1106 0.873338 14.3289 0.945143L16.519 1.66701C16.7377 1.73916 16.8618 1.97401 16.7927 2.20258L16.2959 3.84436C16.2282 4.0681 16.3208 4.3581 16.5078 4.49617L17.6385 5.33112C17.823 5.46745 18.1214 5.47231 18.3138 5.33494L19.6984 4.34808C19.8867 4.21384 20.1495 4.25824 20.2848 4.4466L21.6394 6.33675C21.7747 6.52545 21.7392 6.78943 21.5509 6.93305L20.1987 7.96469C20.0145 8.10518 19.9215 8.39483 19.9929 8.61822L20.4249 9.96865C20.4953 10.1893 20.7341 10.3707 20.9696 10.3748L22.6608 10.4026C22.8911 10.4064 23.0777 10.5989 23.0777 10.832V13.1696C23.0777 13.4031 22.8962 13.5953 22.6608 13.5991L20.9696 13.6268C20.7393 13.6306 20.4963 13.8096 20.4249 14.0327L19.9929 15.3834C19.9225 15.6037 20.0104 15.8933 20.1987 16.037L21.5509 17.0686C21.7351 17.2091 21.7747 17.4762 21.6394 17.6649L20.2848 19.5547C20.1495 19.7434 19.8911 19.7906 19.6984 19.6532L18.3138 18.6667C18.1255 18.5325 17.8254 18.5321 17.6385 18.6702L16.5078 19.5055C16.3232 19.6418 16.2269 19.9287 16.2959 20.1573L16.7927 21.799C16.8604 22.0228 16.7374 22.2625 16.519 22.3346L14.3289 23.0565C14.1102 23.1283 13.8741 23.0124 13.7975 22.7863L13.2487 21.1615C13.1739 20.9402 12.9313 20.7608 12.6999 20.7608H11.3016C11.0733 20.7608 10.8294 20.9353 10.7531 21.1615L10.204 22.7863Z"
      stroke="black"
      stroke-width="1.5"
    />
    <path
      d="M14.7689 11.9996C14.7689 13.5291 13.5292 14.7689 11.9996 14.7689C10.4703 14.7689 9.23047 13.5292 9.23047 11.9996C9.23047 10.4703 10.4702 9.23047 11.9996 9.23047C13.5291 9.23047 14.7689 10.4702 14.7689 11.9996Z"
      stroke="black"
      stroke-width="1.25"
    />
  </svg>
</DocumentFragment>
`;

exports[`<Icon Components /> IconShow 1`] = `
<DocumentFragment>
  <svg
    fill="none"
    height="16"
    viewBox="0 0 23 16"
    width="23"
    xmlns="http://www.w3.org/2000/svg"
  >
    <path
      d="M11.0829 0C8.77999 0.0016713 6.5267 0.669752 4.59499 1.92411C2.66361 3.17842 1.13644 4.96481 0.198206 7.06819C-0.0660686 7.66152 -0.0660686 8.33903 0.198206 8.9323C1.45438 11.7532 3.75661 13.9761 6.61975 15.1324C9.48268 16.2892 12.683 16.2892 15.5458 15.1324C18.409 13.9759 20.7112 11.753 21.9674 8.9323C22.2317 8.33897 22.2317 7.66147 21.9674 7.06819C21.029 4.96487 19.502 3.17847 17.5704 1.92411C15.639 0.669805 13.386 0.00171141 11.0829 0ZM20.5224 8.28752C19.4331 10.7337 17.4365 12.6615 14.9539 13.6646C12.4711 14.6676 9.69575 14.6676 7.21292 13.6646C4.73019 12.6614 2.73361 10.7335 1.6444 8.28752C1.56397 8.1041 1.56397 7.89561 1.6444 7.71238C2.73367 5.26602 4.73025 3.33838 7.21292 2.33533C9.69586 1.33234 12.4712 1.33234 14.9539 2.33533C17.4368 3.33854 19.4334 5.26618 20.5224 7.71238C20.6028 7.8956 20.6028 8.10409 20.5224 8.28752Z"
      fill="black"
    />
    <path
      d="M11.0824 4.04218C10.0329 4.04218 9.02633 4.45917 8.28405 5.20123C7.542 5.9435 7.125 6.95003 7.125 7.99961C7.125 9.04919 7.54199 10.0559 8.28405 10.798C9.02633 11.5403 10.0329 11.9573 11.0824 11.9573C12.132 11.9573 13.1387 11.5403 13.8808 10.798C14.6231 10.0559 15.0401 9.04919 15.0401 7.99961C15.0388 6.95046 14.6214 5.94452 13.8796 5.20267C13.1375 4.46083 12.1318 4.04341 11.0824 4.04218ZM11.0824 10.3739C10.4528 10.3739 9.84882 10.1238 9.40337 9.6784C8.95818 9.2332 8.7079 8.62925 8.7079 7.99934C8.7079 7.3697 8.95818 6.76573 9.40337 6.32028C9.84878 5.87509 10.4527 5.62481 11.0824 5.62481C11.7123 5.62481 12.3163 5.87508 12.7615 6.32028C13.2069 6.76568 13.457 7.36965 13.457 7.99934C13.4563 8.62898 13.2059 9.23257 12.7608 9.67776C12.3157 10.1227 11.7121 10.3732 11.0824 10.3739Z"
      fill="black"
    />
  </svg>
</DocumentFragment>
`;

exports[`<Icon Components /> IconSubtract 1`] = `
<DocumentFragment>
  <svg
    height="3"
    viewBox="0 0 12 3"
    width="12"
    xmlns="http://www.w3.org/2000/svg"
  >
    <path
      d="M0.960938 2.42188V0.6875H11.0391V2.42188H0.960938Z"
      fill="#151515"
    />
  </svg>
</DocumentFragment>
`;

exports[`<Icon Components /> IconTwitch 1`] = `
<DocumentFragment>
  <svg
    viewBox="0 0 512 512"
    xmlns="http://www.w3.org/2000/svg"
  >
    <path
      d="M391.17,103.47H352.54v109.7h38.63ZM285,103H246.37V212.75H285ZM120.83,0,24.31,91.42V420.58H140.14V512l96.53-91.42h77.25L487.69,256V0ZM449.07,237.75l-77.22,73.12H294.61l-67.6,64v-64H140.14V36.58H449.07Z"
      fill="black"
    />
  </svg>
</DocumentFragment>
`;

exports[`<Icon Components /> IconTwitter 1`] = `
<DocumentFragment>
  <svg
    aria-label="Twitter icon"
    fill="none"
    height="33"
    viewBox="0 0 31 33"
    width="31"
    xmlns="http://www.w3.org/2000/svg"
  >
    <path
      d="M30.6846 6.38401C29.5709 6.90961 28.4523 7.3064 27.2128 7.44038C28.4524 6.64681 29.445 5.32764 29.9389 3.87449C28.6993 4.66805 27.4597 5.19366 26.0991 5.46162C24.8595 4.14244 23.2471 3.34888 21.5136 3.34888C18.1628 3.34888 15.4367 6.25003 15.4367 9.81076C15.4367 10.3415 15.4367 10.8671 15.5626 11.2639C10.4784 11.0011 6.0188 8.49159 3.04089 4.53407C2.4211 5.46162 2.17415 6.64681 2.17415 7.83201C2.17415 10.0787 3.28784 12.0575 4.90027 13.2427C3.90763 13.1087 2.91984 12.8459 2.17415 12.4491C2.17415 12.4491 2.17415 12.4491 2.17415 12.5831C2.17415 15.747 4.28048 18.3854 7.00659 18.9162C6.51269 19.045 6.0188 19.179 5.39901 19.179C5.02616 19.179 4.65332 19.179 4.28048 19.045C5.02616 21.6833 7.25838 23.5333 9.9845 23.5333C7.87817 25.2492 5.27311 26.3004 2.4211 26.3004C1.92721 26.3004 1.42847 26.3004 0.93457 26.1716C3.66069 28.0164 6.88554 29.0728 10.2314 29.0728C21.5136 29.0728 27.5856 19.179 27.5856 10.6043C27.5856 10.3415 27.5856 10.0787 27.5856 9.81077C28.8252 8.88838 29.8178 7.70318 30.6846 6.38401"
      fill="black"
    />
  </svg>
</DocumentFragment>
`;

exports[`<Icon Components /> IconWallet 1`] = `
<DocumentFragment>
  <svg
    fill="none"
    height="32"
    viewBox="0 0 32 32"
    width="32"
    xmlns="http://www.w3.org/2000/svg"
  >
    <path
      d="M25.2915 0.000269943C25.0883 0.00547672 24.8748 0.0315204 24.6665 0.0836031L2.99997 5.79189C1.24999 6.25022 0 7.85437 0 9.66685V28C0 30.1927 1.80728 32 3.99997 32H27.9998C30.1925 32 31.9997 30.1927 31.9997 28V10.6668C31.9997 8.47416 30.1925 6.66688 27.9998 6.66688H10.1666L25.3331 2.66691V5.33356H27.9998V2.66691C27.9998 1.16693 26.7237 -0.0205621 25.2915 0.000269943H25.2915ZM3.99997 9.33352H27.9998C28.755 9.33352 29.3331 9.91165 29.3331 10.6668V28C29.3331 28.7552 28.755 29.3334 27.9998 29.3334H3.99997C3.24477 29.3334 2.66664 28.7552 2.66664 28V10.6668C2.66664 9.91165 3.24477 9.33352 3.99997 9.33352ZM24.6665 17.3335C23.5623 17.3335 22.6665 18.2293 22.6665 19.3334C22.6665 20.4376 23.5623 21.3334 24.6665 21.3334C25.7706 21.3334 26.6664 20.4376 26.6664 19.3334C26.6664 18.2293 25.7706 17.3335 24.6665 17.3335Z"
      fill="black"
    />
  </svg>
</DocumentFragment>
`;

exports[`<Icon Components /> IconWarning 1`] = `
<DocumentFragment>
  <svg
    fill="black"
    height="24"
    viewBox="0 0 24 24"
    width="24"
    xmlns="http://www.w3.org/2000/svg"
  >
    <path
      d="M12.6472 15.8562C12.6315 15.8088 12.611 15.7638 12.586 15.7218C12.5589 15.6798 12.5292 15.6401 12.4969 15.6029C12.3311 15.4206 12.0939 15.3412 11.8641 15.3907C11.8177 15.4016 11.7722 15.4171 11.7283 15.4372C11.687 15.4544 11.6476 15.4772 11.611 15.5046C11.5723 15.5333 11.5361 15.5662 11.5032 15.6029C11.4372 15.6752 11.3846 15.7613 11.3488 15.8562C11.3334 15.9035 11.3209 15.9519 11.3112 16.0011C11.3017 16.0504 11.2968 16.1006 11.297 16.1509C11.2981 16.4105 11.4157 16.6525 11.611 16.7973C11.6476 16.8247 11.687 16.8473 11.7283 16.8645C11.7722 16.8847 11.8177 16.9001 11.8641 16.911C11.9538 16.9318 12.0465 16.9318 12.136 16.911C12.1813 16.901 12.2254 16.8854 12.2675 16.8645C12.3101 16.8473 12.3511 16.8247 12.3892 16.7973C12.4272 16.7675 12.4632 16.7346 12.497 16.6992C12.6289 16.5539 12.7032 16.3567 12.7032 16.151C12.7033 16.0495 12.6841 15.9491 12.6472 15.8562Z"
      fill="black"
    />
    <path
      d="M11.8863 9.30409C11.6377 9.33738 11.4113 9.47817 11.2567 9.69551C11.1023 9.91302 11.0324 10.1893 11.0626 10.4635L11.4926 14.3786V14.3784C11.5238 14.6616 11.7414 14.8745 11.9999 14.8745C12.2584 14.8745 12.4762 14.6616 12.5073 14.3784L12.9373 10.4634V10.4635C12.9462 10.3802 12.9462 10.296 12.9373 10.2129C12.9073 9.93863 12.7795 9.68872 12.5825 9.51839C12.3853 9.34787 12.1349 9.27081 11.8863 9.30409Z"
      fill="black"
    />
    <path
      d="M19.7869 17.2979L13.4274 4.91781C13.2357 4.54456 12.9303 4.25869 12.5653 4.11096C12.2004 3.96304 11.7997 3.96304 11.4347 4.11078C11.0698 4.25852 10.7644 4.54438 10.5727 4.91745L4.21322 17.298C3.92536 17.8583 3.92924 18.545 4.22322 19.1013C4.51704 19.6577 5.05694 20 5.6405 20H18.3594C18.9432 20 19.4829 19.6577 19.7768 19.1013C20.0708 18.545 20.0745 17.8583 19.7869 17.2979ZM18.5621 18.3202C18.5212 18.401 18.4433 18.4503 18.3594 18.4487H5.64053C5.55727 18.4487 5.48015 18.3999 5.4382 18.3203C5.39625 18.241 5.3956 18.1429 5.43658 18.063L11.796 5.68241C11.8376 5.60142 11.9156 5.55122 12 5.5514C12.0844 5.5514 12.1623 5.6016 12.2038 5.68258L18.5632 18.0631V18.0633C18.6058 18.1427 18.6053 18.2417 18.5619 18.3205L18.5621 18.3202Z"
      fill="black"
    />
  </svg>
</DocumentFragment>
`;

exports[`<Icon Components /> IconWeb 1`] = `
<DocumentFragment>
  <svg
    fill="none"
    height="16"
    viewBox="0 0 16 16"
    width="16"
    xmlns="http://www.w3.org/2000/svg"
  >
    <path
      clip-rule="evenodd"
      d="M8 0C3.58161 0 0 3.54679 0 7.92205V8.07795C0 12.4529 3.58169 16 8 16C12.4184 16 16 12.4531 16 8.07795V7.92205C16 3.5914 12.4906 0.0723818 8.1342 0.00118654C8.11564 0.000568525 8.09707 0.000105014 8.07835 0.000105014L8.05526 0.000259518L8 0ZM6.30042 1.38218C4.45498 1.85108 2.91142 3.06594 2.01664 4.68283H4.60492C4.96471 3.51756 5.52966 2.39928 6.30042 1.38218ZM1.18225 7.92185C1.18225 7.20049 1.29661 6.50539 1.50818 5.85351H4.31519C4.04792 7.27354 4.07195 8.73502 4.38634 10.1462H1.50815C1.29658 9.49436 1.18221 8.79922 1.18221 8.07785L1.18225 7.92185ZM2.01683 11.3168C2.9653 13.0313 4.64351 14.2936 6.63734 14.6941C5.77578 13.668 5.13591 12.5216 4.7184 11.3168H2.01683ZM5.97765 11.3168C6.34836 12.2544 6.87387 13.1462 7.55365 13.954L7.88644 14.3497C7.93403 14.4061 8.00455 14.4387 8.07867 14.4387C8.15293 14.4387 8.22346 14.4061 8.27089 14.3495L8.60384 13.954C9.28365 13.1462 9.80913 12.2544 10.1797 11.3168L5.97765 11.3168ZM11.4389 11.3168C11.0271 12.5055 10.3986 13.6373 9.55446 14.6528C11.4642 14.2117 13.0653 12.976 13.9832 11.3168H11.4389ZM14.4919 10.1461H11.771C12.0854 8.73498 12.1095 7.27354 11.8423 5.8534H14.4919C14.7036 6.50523 14.8178 7.20037 14.8178 7.92174V8.07763C14.8178 8.799 14.7036 9.4942 14.4919 10.1461ZM10.5567 10.1461H5.60104C5.24702 8.74024 5.21987 7.27062 5.52069 5.8534H10.6373C10.9381 7.2705 10.9105 8.74012 10.5567 10.1461ZM11.5524 4.68263H13.9834C13.1209 3.12369 11.6552 1.93865 9.89733 1.43526C10.6475 2.43812 11.1989 3.53773 11.5524 4.68263ZM7.39244 1.89617C6.70935 2.7532 6.19498 3.69614 5.8486 4.68263H10.3085C9.96231 3.69614 9.4479 2.7532 8.76469 1.89617L8.25295 1.25422C8.21426 1.20586 8.15731 1.17589 8.09568 1.17125L8.06666 1.17094C8.00316 1.17419 7.94387 1.20447 7.90424 1.25422L7.39244 1.89617Z"
      fill="black"
      fill-rule="evenodd"
    />
  </svg>
</DocumentFragment>
`;

exports[`<Icon Components /> IconYoutube 1`] = `
<DocumentFragment>
  <svg
    viewBox="0 0 576 512"
    xmlns="http://www.w3.org/2000/svg"
  >
    <path
      d="M549.655 124.083c-6.281-23.65-24.787-42.276-48.284-48.597C458.781 64 288 64 288 64S117.22 64 74.629 75.486c-23.497 6.322-42.003 24.947-48.284 48.597-11.412 42.867-11.412 132.305-11.412 132.305s0 89.438 11.412 132.305c6.281 23.65 24.787 41.5 48.284 47.821C117.22 448 288 448 288 448s170.78 0 213.371-11.486c23.497-6.321 42.003-24.171 48.284-47.821 11.412-42.867 11.412-132.305 11.412-132.305s0-89.438-11.412-132.305zm-317.51 213.508V175.185l142.739 81.205-142.739 81.201z"
      fill="black"
    />
  </svg>
</DocumentFragment>
`;
