// Jest Snapshot v1, https://goo.gl/fbAQLP

exports[`<Accordion /> rendering should match snapshot 1`] = `
<DocumentFragment>
  .c5 {
  color: #151515;
  margin: 0;
  text-align: left;
  font-family: 'Poppins',sans-serif;
  font-weight: 400;
  font-size: 18px;
  line-height: 28px;
}

.c0 {
  display: -webkit-box;
  display: -webkit-flex;
  display: -ms-flexbox;
  display: flex;
  -webkit-flex-direction: column;
  -ms-flex-direction: column;
  flex-direction: column;
  -webkit-box-pack: center;
  -webkit-justify-content: center;
  -ms-flex-pack: center;
  justify-content: center;
}

.c1 {
  -webkit-transition: background-color 0.5s ease-in-out;
  transition: background-color 0.5s ease-in-out;
  border-bottom: 1px solid #EEEEEE;
}

.c1:hover,
.c1:focus {
  background-color: #FFFFFF;
}

.c2 {
  display: -webkit-box;
  display: -webkit-flex;
  display: -ms-flexbox;
  display: flex;
  -webkit-align-items: center;
  -webkit-box-align: center;
  -ms-flex-align: center;
  align-items: center;
  background: transparent;
  border: none;
  width: 100%;
  padding: 24px 16px;
  cursor: pointer;
}

.c2:focus-visible {
  outline: 1px solid #DBDBDB;
}

.c4 {
  margin-left: 8px;
}

.c3 {
  margin-top: 8px;
  -webkit-transform: rotate(0);
  -ms-transform: rotate(0);
  transform: rotate(0);
  -webkit-transform-origin: 60% 40%;
  -ms-transform-origin: 60% 40%;
  transform-origin: 60% 40%;
  -webkit-transition: -webkit-transform 0.25s ease-in-out;
  -webkit-transition: transform 0.25s ease-in-out;
  transition: transform 0.25s ease-in-out;
}

.c6 {
  display: none;
  -webkit-transition: auto 0.5s ease-in-out;
  transition: auto 0.5s ease-in-out;
  overflow: hidden;
  padding: 4px 16px;
}

@media (max-width:767px) {
  .c5 {
    font-size: 16px;
    line-height: 24px;
  }
}

<div
    class="c0"
  >
    <div
      class="c1"
    >
      <button
        class="c2"
      >
        <span
          class="c3"
        >
          <svg
            fill="none"
            height="20"
            viewBox="0 0 26 26"
            width="20"
            xmlns="http://www.w3.org/2000/svg"
          >
            <path
              clip-rule="evenodd"
              d="M10.2197 18.2803C9.92678 17.9874 9.92678 17.5126 10.2197 17.2197L14.6893 12.75L10.2197 8.28033C9.92678 7.98744 9.92678 7.51256 10.2197 7.21967C10.5126 6.92678 10.9874 6.92678 11.2803 7.21967L16.2803 12.2197C16.5732 12.5126 16.5732 12.9874 16.2803 13.2803L11.2803 18.2803C10.9874 18.5732 10.5126 18.5732 10.2197 18.2803Z"
              fill="#151515"
              fill-rule="evenodd"
            />
          </svg>
        </span>
        <div
          class="c4"
        >
          <p
            class="c5"
          >
            gm
          </p>
        </div>
      </button>
      <div
        class="c6"
      >
        <div>
          fren
        </div>
      </div>
    </div>
    <div
      class="c1"
    >
      <button
        class="c2"
      >
        <span
          class="c3"
        >
          <svg
            fill="none"
            height="20"
            viewBox="0 0 26 26"
            width="20"
            xmlns="http://www.w3.org/2000/svg"
          >
            <path
              clip-rule="evenodd"
              d="M10.2197 18.2803C9.92678 17.9874 9.92678 17.5126 10.2197 17.2197L14.6893 12.75L10.2197 8.28033C9.92678 7.98744 9.92678 7.51256 10.2197 7.21967C10.5126 6.92678 10.9874 6.92678 11.2803 7.21967L16.2803 12.2197C16.5732 12.5126 16.5732 12.9874 16.2803 13.2803L11.2803 18.2803C10.9874 18.5732 10.5126 18.5732 10.2197 18.2803Z"
              fill="#151515"
              fill-rule="evenodd"
            />
          </svg>
        </span>
        <div
          class="c4"
        >
          <p
            class="c5"
          >
            gn
          </p>
        </div>
      </button>
      <div
        class="c6"
      >
        <div>
          moon
        </div>
      </div>
    </div>
  </div>
</DocumentFragment>
`;
